
> @sightbridge/web@1.0.0 build /Users/salescode/Documents/Code/SightBridge/apps/web
> next build

▲ Next.js 16.2.9 (Turbopack)

  Creating an optimized production build ...
✓ Compiled successfully in 1822ms
  Running TypeScript ...
  Finished TypeScript in 1035ms ...
  Collecting page data using 7 workers ...
  Generating static pages using 7 workers (0/5) ...
  Generating static pages using 7 workers (1/5) 
  Generating static pages using 7 workers (2/5) 
  Generating static pages using 7 workers (3/5) 
✓ Generating static pages using 7 workers (5/5) in 81ms
  Finalizing page optimization ...

Route (app)
┌ ○ /
├ ○ /_not-found
├ ○ /admin
├ ƒ /call/[id]
├ ○ /dashboard
├ ƒ /history/[id]
└ ƒ /join/[token]


○  (Static)   prerendered as static content
ƒ  (Dynamic)  server-rendered on demand

